20-Jan-2026 17:41:23.032 INFO [main] org.apache.catalina.startup.VersionLoggerListener.log Server version name:   Apache Tomcat/9.0.96
20-Jan-2026 17:41:23.045 INFO [main] org.apache.catalina.startup.VersionLoggerListener.log Server built:          Oct 3 2024 19:44:30 UTC
20-Jan-2026 17:41:23.046 INFO [main] org.apache.catalina.startup.VersionLoggerListener.log Server version number: 9.0.96.0
20-Jan-2026 17:41:23.046 INFO [main] org.apache.catalina.startup.VersionLoggerListener.log OS Name:               Linux
20-Jan-2026 17:41:23.046 INFO [main] org.apache.catalina.startup.VersionLoggerListener.log OS Version:            6.8.0-1044-aws
20-Jan-2026 17:41:23.048 INFO [main] org.apache.catalina.startup.VersionLoggerListener.log Architecture:          amd64
20-Jan-2026 17:41:23.048 INFO [main] org.apache.catalina.startup.VersionLoggerListener.log Java Home:             /usr/lib/jvm/java-11-openjdk-amd64
20-Jan-2026 17:41:23.049 INFO [main] org.apache.catalina.startup.VersionLoggerListener.log JVM Version:           11.0.29+7-post-Ubuntu-1ubuntu122.04
20-Jan-2026 17:41:23.049 INFO [main] org.apache.catalina.startup.VersionLoggerListener.log JVM Vendor:            Ubuntu
20-Jan-2026 17:41:23.049 INFO [main] org.apache.catalina.startup.VersionLoggerListener.log CATALINA_BASE:         /opt/lms/tomcat
20-Jan-2026 17:41:23.049 INFO [main] org.apache.catalina.startup.VersionLoggerListener.log CATALINA_HOME:         /opt/lms/tomcat
20-Jan-2026 17:41:23.117 INFO [main] org.apache.catalina.startup.VersionLoggerListener.log Command line argument: --add-opens=java.base/java.lang=ALL-UNNAMED
20-Jan-2026 17:41:23.117 INFO [main] org.apache.catalina.startup.VersionLoggerListener.log Command line argument: --add-opens=java.base/java.io=ALL-UNNAMED
20-Jan-2026 17:41:23.117 INFO [main] org.apache.catalina.startup.VersionLoggerListener.log Command line argument: --add-opens=java.base/java.util=ALL-UNNAMED
20-Jan-2026 17:41:23.118 INFO [main] org.apache.catalina.startup.VersionLoggerListener.log Command line argument: --add-opens=java.base/java.util.concurrent=ALL-UNNAMED
20-Jan-2026 17:41:23.118 INFO [main] org.apache.catalina.startup.VersionLoggerListener.log Command line argument: --add-opens=java.rmi/sun.rmi.transport=ALL-UNNAMED
20-Jan-2026 17:41:23.118 INFO [main] org.apache.catalina.startup.VersionLoggerListener.log Command line argument: -Djava.util.logging.config.file=/opt/lms/tomcat/conf/logging.properties
20-Jan-2026 17:41:23.118 INFO [main] org.apache.catalina.startup.VersionLoggerListener.log Command line argument: -Djava.util.logging.manager=org.apache.juli.ClassLoaderLogManager
20-Jan-2026 17:41:23.118 INFO [main] org.apache.catalina.startup.VersionLoggerListener.log Command line argument: -Djdk.tls.ephemeralDHKeySize=2048
20-Jan-2026 17:41:23.124 INFO [main] org.apache.catalina.startup.VersionLoggerListener.log Command line argument: -Djava.protocol.handler.pkgs=org.apache.catalina.webresources
20-Jan-2026 17:41:23.125 INFO [main] org.apache.catalina.startup.VersionLoggerListener.log Command line argument: -Dorg.apache.catalina.security.SecurityListener.UMASK=0027
20-Jan-2026 17:41:23.125 INFO [main] org.apache.catalina.startup.VersionLoggerListener.log Command line argument: -Dignore.endorsed.dirs=
20-Jan-2026 17:41:23.125 INFO [main] org.apache.catalina.startup.VersionLoggerListener.log Command line argument: -Dcatalina.base=/opt/lms/tomcat
20-Jan-2026 17:41:23.125 INFO [main] org.apache.catalina.startup.VersionLoggerListener.log Command line argument: -Dcatalina.home=/opt/lms/tomcat
20-Jan-2026 17:41:23.129 INFO [main] org.apache.catalina.startup.VersionLoggerListener.log Command line argument: -Djava.io.tmpdir=/opt/lms/tomcat/temp
20-Jan-2026 17:41:23.161 INFO [main] org.apache.catalina.core.AprLifecycleListener.lifecycleEvent An older version [1.2.31] of the Apache Tomcat Native library is installed, while Tomcat recommends a minimum version of [1.3.0]
20-Jan-2026 17:41:23.161 INFO [main] org.apache.catalina.core.AprLifecycleListener.lifecycleEvent Loaded Apache Tomcat Native library [1.2.31] using APR version [1.7.0].
20-Jan-2026 17:41:23.164 INFO [main] org.apache.catalina.core.AprLifecycleListener.lifecycleEvent APR capabilities: IPv6 [true], sendfile [true], accept filters [false], random [true], UDS [true].
20-Jan-2026 17:41:23.166 INFO [main] org.apache.catalina.core.AprLifecycleListener.lifecycleEvent APR/OpenSSL configuration: useAprConnector [false], useOpenSSL [true]
20-Jan-2026 17:41:23.186 INFO [main] org.apache.catalina.core.AprLifecycleListener.initializeSSL OpenSSL successfully initialized [OpenSSL 3.0.2 15 Mar 2022]
20-Jan-2026 17:41:24.651 INFO [main] org.apache.coyote.AbstractProtocol.init Initializing ProtocolHandler ["http-nio-8001"]
20-Jan-2026 17:41:24.797 INFO [main] org.apache.catalina.startup.Catalina.load Server initialization in [2751] milliseconds
20-Jan-2026 17:41:25.039 INFO [main] org.apache.catalina.core.StandardService.startInternal Starting service [Catalina]
20-Jan-2026 17:41:25.039 INFO [main] org.apache.catalina.core.StandardEngine.startInternal Starting Servlet engine: [Apache Tomcat/9.0.96]
20-Jan-2026 17:41:25.100 INFO [main] org.apache.catalina.startup.HostConfig.deployWAR Deploying web application archive [/opt/lms/tomcat/webapps/ROOT.war]
20-Jan-2026 17:41:26.292 INFO [main] org.apache.catalina.startup.HostConfig.deployWAR Deployment of web application archive [/opt/lms/tomcat/webapps/ROOT.war] has finished in [1,191] ms
20-Jan-2026 17:41:26.293 INFO [main] org.apache.catalina.startup.HostConfig.deployDirectory Deploying web application directory [/opt/lms/tomcat/webapps/manager]
20-Jan-2026 17:41:26.467 INFO [main] org.apache.catalina.startup.HostConfig.deployDirectory Deployment of web application directory [/opt/lms/tomcat/webapps/manager] has finished in [173] ms
20-Jan-2026 17:41:26.467 INFO [main] org.apache.catalina.startup.HostConfig.deployDirectory Deploying web application directory [/opt/lms/tomcat/webapps/examples]
20-Jan-2026 17:41:27.401 INFO [main] org.apache.catalina.startup.HostConfig.deployDirectory Deployment of web application directory [/opt/lms/tomcat/webapps/examples] has finished in [934] ms
20-Jan-2026 17:41:27.403 INFO [main] org.apache.catalina.startup.HostConfig.deployDirectory Deploying web application directory [/opt/lms/tomcat/webapps/host-manager]
20-Jan-2026 17:41:27.475 INFO [main] org.apache.catalina.startup.HostConfig.deployDirectory Deployment of web application directory [/opt/lms/tomcat/webapps/host-manager] has finished in [73] ms
20-Jan-2026 17:41:27.479 INFO [main] org.apache.catalina.startup.HostConfig.deployDirectory Deploying web application directory [/opt/lms/tomcat/webapps/docs]
20-Jan-2026 17:41:27.564 INFO [main] org.apache.catalina.startup.HostConfig.deployDirectory Deployment of web application directory [/opt/lms/tomcat/webapps/docs] has finished in [85] ms
20-Jan-2026 17:41:27.578 INFO [main] org.apache.coyote.AbstractProtocol.start Starting ProtocolHandler ["http-nio-8001"]
20-Jan-2026 17:41:27.618 INFO [main] org.apache.catalina.startup.Catalina.start Server startup in [2817] milliseconds
20-Jan-2026 18:46:21.868 INFO [main] org.apache.catalina.startup.VersionLoggerListener.log Server version name:   Apache Tomcat/9.0.96
20-Jan-2026 18:46:21.882 INFO [main] org.apache.catalina.startup.VersionLoggerListener.log Server built:          Oct 3 2024 19:44:30 UTC
20-Jan-2026 18:46:21.882 INFO [main] org.apache.catalina.startup.VersionLoggerListener.log Server version number: 9.0.96.0
20-Jan-2026 18:46:21.883 INFO [main] org.apache.catalina.startup.VersionLoggerListener.log OS Name:               Linux
20-Jan-2026 18:46:21.883 INFO [main] org.apache.catalina.startup.VersionLoggerListener.log OS Version:            6.8.0-1044-aws
20-Jan-2026 18:46:21.883 INFO [main] org.apache.catalina.startup.VersionLoggerListener.log Architecture:          amd64
20-Jan-2026 18:46:21.883 INFO [main] org.apache.catalina.startup.VersionLoggerListener.log Java Home:             /usr/lib/jvm/java-11-openjdk-amd64
20-Jan-2026 18:46:21.886 INFO [main] org.apache.catalina.startup.VersionLoggerListener.log JVM Version:           11.0.29+7-post-Ubuntu-1ubuntu122.04
20-Jan-2026 18:46:21.886 INFO [main] org.apache.catalina.startup.VersionLoggerListener.log JVM Vendor:            Ubuntu
20-Jan-2026 18:46:21.887 INFO [main] org.apache.catalina.startup.VersionLoggerListener.log CATALINA_BASE:         /opt/lms/tomcat
20-Jan-2026 18:46:21.887 INFO [main] org.apache.catalina.startup.VersionLoggerListener.log CATALINA_HOME:         /opt/lms/tomcat
20-Jan-2026 18:46:21.938 INFO [main] org.apache.catalina.startup.VersionLoggerListener.log Command line argument: --add-opens=java.base/java.lang=ALL-UNNAMED
20-Jan-2026 18:46:21.938 INFO [main] org.apache.catalina.startup.VersionLoggerListener.log Command line argument: --add-opens=java.base/java.io=ALL-UNNAMED
20-Jan-2026 18:46:21.942 INFO [main] org.apache.catalina.startup.VersionLoggerListener.log Command line argument: --add-opens=java.base/java.util=ALL-UNNAMED
20-Jan-2026 18:46:21.942 INFO [main] org.apache.catalina.startup.VersionLoggerListener.log Command line argument: --add-opens=java.base/java.util.concurrent=ALL-UNNAMED
20-Jan-2026 18:46:21.943 INFO [main] org.apache.catalina.startup.VersionLoggerListener.log Command line argument: --add-opens=java.rmi/sun.rmi.transport=ALL-UNNAMED
20-Jan-2026 18:46:21.943 INFO [main] org.apache.catalina.startup.VersionLoggerListener.log Command line argument: -Djava.util.logging.config.file=/opt/lms/tomcat/conf/logging.properties
20-Jan-2026 18:46:21.943 INFO [main] org.apache.catalina.startup.VersionLoggerListener.log Command line argument: -Djava.util.logging.manager=org.apache.juli.ClassLoaderLogManager
20-Jan-2026 18:46:21.943 INFO [main] org.apache.catalina.startup.VersionLoggerListener.log Command line argument: -Djdk.tls.ephemeralDHKeySize=2048
20-Jan-2026 18:46:21.943 INFO [main] org.apache.catalina.startup.VersionLoggerListener.log Command line argument: -Djava.protocol.handler.pkgs=org.apache.catalina.webresources
20-Jan-2026 18:46:21.943 INFO [main] org.apache.catalina.startup.VersionLoggerListener.log Command line argument: -Dorg.apache.catalina.security.SecurityListener.UMASK=0027
20-Jan-2026 18:46:21.943 INFO [main] org.apache.catalina.startup.VersionLoggerListener.log Command line argument: -Dignore.endorsed.dirs=
20-Jan-2026 18:46:21.943 INFO [main] org.apache.catalina.startup.VersionLoggerListener.log Command line argument: -Dcatalina.base=/opt/lms/tomcat
20-Jan-2026 18:46:21.944 INFO [main] org.apache.catalina.startup.VersionLoggerListener.log Command line argument: -Dcatalina.home=/opt/lms/tomcat
20-Jan-2026 18:46:21.944 INFO [main] org.apache.catalina.startup.VersionLoggerListener.log Command line argument: -Djava.io.tmpdir=/opt/lms/tomcat/temp
20-Jan-2026 18:46:21.965 INFO [main] org.apache.catalina.core.AprLifecycleListener.lifecycleEvent An older version [1.2.31] of the Apache Tomcat Native library is installed, while Tomcat recommends a minimum version of [1.3.0]
20-Jan-2026 18:46:21.965 INFO [main] org.apache.catalina.core.AprLifecycleListener.lifecycleEvent Loaded Apache Tomcat Native library [1.2.31] using APR version [1.7.0].
20-Jan-2026 18:46:21.966 INFO [main] org.apache.catalina.core.AprLifecycleListener.lifecycleEvent APR capabilities: IPv6 [true], sendfile [true], accept filters [false], random [true], UDS [true].
20-Jan-2026 18:46:21.966 INFO [main] org.apache.catalina.core.AprLifecycleListener.lifecycleEvent APR/OpenSSL configuration: useAprConnector [false], useOpenSSL [true]
20-Jan-2026 18:46:21.983 INFO [main] org.apache.catalina.core.AprLifecycleListener.initializeSSL OpenSSL successfully initialized [OpenSSL 3.0.2 15 Mar 2022]
20-Jan-2026 18:46:23.142 INFO [main] org.apache.coyote.AbstractProtocol.init Initializing ProtocolHandler ["http-nio-8001"]
20-Jan-2026 18:46:23.263 INFO [main] org.apache.catalina.startup.Catalina.load Server initialization in [2265] milliseconds
20-Jan-2026 18:46:23.513 INFO [main] org.apache.catalina.core.StandardService.startInternal Starting service [Catalina]
20-Jan-2026 18:46:23.513 INFO [main] org.apache.catalina.core.StandardEngine.startInternal Starting Servlet engine: [Apache Tomcat/9.0.96]
20-Jan-2026 18:46:23.582 INFO [main] org.apache.catalina.startup.HostConfig.deployWAR Deploying web application archive [/opt/lms/tomcat/webapps/ROOT.war]
20-Jan-2026 18:46:24.615 INFO [main] org.apache.catalina.startup.HostConfig.deployWAR Deployment of web application archive [/opt/lms/tomcat/webapps/ROOT.war] has finished in [1,032] ms
20-Jan-2026 18:46:24.622 INFO [main] org.apache.catalina.startup.HostConfig.deployDirectory Deploying web application directory [/opt/lms/tomcat/webapps/manager]
20-Jan-2026 18:46:24.786 INFO [main] org.apache.catalina.startup.HostConfig.deployDirectory Deployment of web application directory [/opt/lms/tomcat/webapps/manager] has finished in [163] ms
20-Jan-2026 18:46:24.788 INFO [main] org.apache.catalina.startup.HostConfig.deployDirectory Deploying web application directory [/opt/lms/tomcat/webapps/examples]
20-Jan-2026 18:46:25.492 INFO [main] org.apache.catalina.startup.HostConfig.deployDirectory Deployment of web application directory [/opt/lms/tomcat/webapps/examples] has finished in [704] ms
20-Jan-2026 18:46:25.492 INFO [main] org.apache.catalina.startup.HostConfig.deployDirectory Deploying web application directory [/opt/lms/tomcat/webapps/host-manager]
20-Jan-2026 18:46:25.552 INFO [main] org.apache.catalina.startup.HostConfig.deployDirectory Deployment of web application directory [/opt/lms/tomcat/webapps/host-manager] has finished in [60] ms
20-Jan-2026 18:46:25.554 INFO [main] org.apache.catalina.startup.HostConfig.deployDirectory Deploying web application directory [/opt/lms/tomcat/webapps/docs]
20-Jan-2026 18:46:25.590 INFO [main] org.apache.catalina.startup.HostConfig.deployDirectory Deployment of web application directory [/opt/lms/tomcat/webapps/docs] has finished in [36] ms
20-Jan-2026 18:46:25.596 INFO [main] org.apache.coyote.AbstractProtocol.start Starting ProtocolHandler ["http-nio-8001"]
20-Jan-2026 18:46:25.692 INFO [main] org.apache.catalina.startup.Catalina.start Server startup in [2428] milliseconds
20-Jan-2026 18:47:49.002 INFO [main] org.apache.catalina.startup.VersionLoggerListener.log Server version name:   Apache Tomcat/9.0.96
20-Jan-2026 18:47:49.026 INFO [main] org.apache.catalina.startup.VersionLoggerListener.log Server built:          Oct 3 2024 19:44:30 UTC
20-Jan-2026 18:47:49.027 INFO [main] org.apache.catalina.startup.VersionLoggerListener.log Server version number: 9.0.96.0
20-Jan-2026 18:47:49.027 INFO [main] org.apache.catalina.startup.VersionLoggerListener.log OS Name:               Linux
20-Jan-2026 18:47:49.027 INFO [main] org.apache.catalina.startup.VersionLoggerListener.log OS Version:            6.8.0-1044-aws
20-Jan-2026 18:47:49.033 INFO [main] org.apache.catalina.startup.VersionLoggerListener.log Architecture:          amd64
20-Jan-2026 18:47:49.034 INFO [main] org.apache.catalina.startup.VersionLoggerListener.log Java Home:             /usr/lib/jvm/java-11-openjdk-amd64
20-Jan-2026 18:47:49.034 INFO [main] org.apache.catalina.startup.VersionLoggerListener.log JVM Version:           11.0.29+7-post-Ubuntu-1ubuntu122.04
20-Jan-2026 18:47:49.040 INFO [main] org.apache.catalina.startup.VersionLoggerListener.log JVM Vendor:            Ubuntu
20-Jan-2026 18:47:49.040 INFO [main] org.apache.catalina.startup.VersionLoggerListener.log CATALINA_BASE:         /opt/lms/tomcat
20-Jan-2026 18:47:49.041 INFO [main] org.apache.catalina.startup.VersionLoggerListener.log CATALINA_HOME:         /opt/lms/tomcat
20-Jan-2026 18:47:49.129 INFO [main] org.apache.catalina.startup.VersionLoggerListener.log Command line argument: --add-opens=java.base/java.lang=ALL-UNNAMED
20-Jan-2026 18:47:49.132 INFO [main] org.apache.catalina.startup.VersionLoggerListener.log Command line argument: --add-opens=java.base/java.io=ALL-UNNAMED
20-Jan-2026 18:47:49.140 INFO [main] org.apache.catalina.startup.VersionLoggerListener.log Command line argument: --add-opens=java.base/java.util=ALL-UNNAMED
20-Jan-2026 18:47:49.140 INFO [main] org.apache.catalina.startup.VersionLoggerListener.log Command line argument: --add-opens=java.base/java.util.concurrent=ALL-UNNAMED
20-Jan-2026 18:47:49.141 INFO [main] org.apache.catalina.startup.VersionLoggerListener.log Command line argument: --add-opens=java.rmi/sun.rmi.transport=ALL-UNNAMED
20-Jan-2026 18:47:49.143 INFO [main] org.apache.catalina.startup.VersionLoggerListener.log Command line argument: -Djava.util.logging.config.file=/opt/lms/tomcat/conf/logging.properties
20-Jan-2026 18:47:49.143 INFO [main] org.apache.catalina.startup.VersionLoggerListener.log Command line argument: -Djava.util.logging.manager=org.apache.juli.ClassLoaderLogManager
20-Jan-2026 18:47:49.143 INFO [main] org.apache.catalina.startup.VersionLoggerListener.log Command line argument: -Djdk.tls.ephemeralDHKeySize=2048
20-Jan-2026 18:47:49.143 INFO [main] org.apache.catalina.startup.VersionLoggerListener.log Command line argument: -Djava.protocol.handler.pkgs=org.apache.catalina.webresources
20-Jan-2026 18:47:49.143 INFO [main] org.apache.catalina.startup.VersionLoggerListener.log Command line argument: -Dorg.apache.catalina.security.SecurityListener.UMASK=0027
20-Jan-2026 18:47:49.143 INFO [main] org.apache.catalina.startup.VersionLoggerListener.log Command line argument: -Dignore.endorsed.dirs=
20-Jan-2026 18:47:49.144 INFO [main] org.apache.catalina.startup.VersionLoggerListener.log Command line argument: -Dcatalina.base=/opt/lms/tomcat
20-Jan-2026 18:47:49.144 INFO [main] org.apache.catalina.startup.VersionLoggerListener.log Command line argument: -Dcatalina.home=/opt/lms/tomcat
20-Jan-2026 18:47:49.144 INFO [main] org.apache.catalina.startup.VersionLoggerListener.log Command line argument: -Djava.io.tmpdir=/opt/lms/tomcat/temp
20-Jan-2026 18:47:49.154 INFO [main] org.apache.catalina.core.AprLifecycleListener.lifecycleEvent An older version [1.2.31] of the Apache Tomcat Native library is installed, while Tomcat recommends a minimum version of [1.3.0]
20-Jan-2026 18:47:49.154 INFO [main] org.apache.catalina.core.AprLifecycleListener.lifecycleEvent Loaded Apache Tomcat Native library [1.2.31] using APR version [1.7.0].
20-Jan-2026 18:47:49.157 INFO [main] org.apache.catalina.core.AprLifecycleListener.lifecycleEvent APR capabilities: IPv6 [true], sendfile [true], accept filters [false], random [true], UDS [true].
20-Jan-2026 18:47:49.157 INFO [main] org.apache.catalina.core.AprLifecycleListener.lifecycleEvent APR/OpenSSL configuration: useAprConnector [false], useOpenSSL [true]
20-Jan-2026 18:47:49.174 INFO [main] org.apache.catalina.core.AprLifecycleListener.initializeSSL OpenSSL successfully initialized [OpenSSL 3.0.2 15 Mar 2022]
20-Jan-2026 18:47:50.724 INFO [main] org.apache.coyote.AbstractProtocol.init Initializing ProtocolHandler ["http-nio-8001"]
20-Jan-2026 18:47:50.835 INFO [main] org.apache.catalina.startup.Catalina.load Server initialization in [2857] milliseconds
20-Jan-2026 18:47:51.092 INFO [main] org.apache.catalina.core.StandardService.startInternal Starting service [Catalina]
20-Jan-2026 18:47:51.092 INFO [main] org.apache.catalina.core.StandardEngine.startInternal Starting Servlet engine: [Apache Tomcat/9.0.96]
20-Jan-2026 18:47:51.151 INFO [main] org.apache.catalina.startup.HostConfig.deployWAR Deploying web application archive [/opt/lms/tomcat/webapps/ROOT.war]
20-Jan-2026 18:47:52.262 INFO [main] org.apache.catalina.startup.HostConfig.deployWAR Deployment of web application archive [/opt/lms/tomcat/webapps/ROOT.war] has finished in [1,111] ms
20-Jan-2026 18:47:52.267 INFO [main] org.apache.catalina.startup.HostConfig.deployDirectory Deploying web application directory [/opt/lms/tomcat/webapps/manager]
20-Jan-2026 18:47:52.456 INFO [main] org.apache.catalina.startup.HostConfig.deployDirectory Deployment of web application directory [/opt/lms/tomcat/webapps/manager] has finished in [188] ms
20-Jan-2026 18:47:52.456 INFO [main] org.apache.catalina.startup.HostConfig.deployDirectory Deploying web application directory [/opt/lms/tomcat/webapps/examples]
20-Jan-2026 18:47:53.212 INFO [main] org.apache.catalina.startup.HostConfig.deployDirectory Deployment of web application directory [/opt/lms/tomcat/webapps/examples] has finished in [756] ms
20-Jan-2026 18:47:53.217 INFO [main] org.apache.catalina.startup.HostConfig.deployDirectory Deploying web application directory [/opt/lms/tomcat/webapps/host-manager]
20-Jan-2026 18:47:53.306 INFO [main] org.apache.catalina.startup.HostConfig.deployDirectory Deployment of web application directory [/opt/lms/tomcat/webapps/host-manager] has finished in [88] ms
20-Jan-2026 18:47:53.307 INFO [main] org.apache.catalina.startup.HostConfig.deployDirectory Deploying web application directory [/opt/lms/tomcat/webapps/docs]
20-Jan-2026 18:47:53.367 INFO [main] org.apache.catalina.startup.HostConfig.deployDirectory Deployment of web application directory [/opt/lms/tomcat/webapps/docs] has finished in [60] ms
20-Jan-2026 18:47:53.377 INFO [main] org.apache.coyote.AbstractProtocol.start Starting ProtocolHandler ["http-nio-8001"]
20-Jan-2026 18:47:53.420 INFO [main] org.apache.catalina.startup.Catalina.start Server startup in [2581] milliseconds
