02-Feb-2026 13:26:34.192 INFO [main] org.apache.catalina.core.StandardServer.await A valid shutdown command was received via the shutdown port. Stopping the Server instance.
02-Feb-2026 13:26:34.668 INFO [main] org.apache.coyote.AbstractProtocol.pause Pausing ProtocolHandler ["http-nio-8001"]
02-Feb-2026 13:26:35.145 INFO [main] org.apache.catalina.core.StandardService.stopInternal Stopping service [Catalina]
02-Feb-2026 13:26:38.107 INFO [main] org.apache.coyote.AbstractProtocol.stop Stopping ProtocolHandler ["http-nio-8001"]
02-Feb-2026 13:26:38.742 WARNING [main] org.apache.tomcat.util.net.Acceptor.stopMillis The acceptor thread [http-nio-8001-Acceptor] did not stop cleanly
02-Feb-2026 13:26:38.915 INFO [main] org.apache.coyote.AbstractProtocol.destroy Destroying ProtocolHandler ["http-nio-8001"]
02-Feb-2026 13:27:12.748 INFO [main] org.apache.catalina.startup.VersionLoggerListener.log Server version name:   Apache Tomcat/9.0.96
02-Feb-2026 13:27:12.826 INFO [main] org.apache.catalina.startup.VersionLoggerListener.log Server built:          Oct 3 2024 19:44:30 UTC
02-Feb-2026 13:27:12.827 INFO [main] org.apache.catalina.startup.VersionLoggerListener.log Server version number: 9.0.96.0
02-Feb-2026 13:27:12.827 INFO [main] org.apache.catalina.startup.VersionLoggerListener.log OS Name:               Linux
02-Feb-2026 13:27:12.827 INFO [main] org.apache.catalina.startup.VersionLoggerListener.log OS Version:            6.8.0-1044-aws
02-Feb-2026 13:27:12.827 INFO [main] org.apache.catalina.startup.VersionLoggerListener.log Architecture:          amd64
02-Feb-2026 13:27:12.827 INFO [main] org.apache.catalina.startup.VersionLoggerListener.log Java Home:             /usr/lib/jvm/java-11-openjdk-amd64
02-Feb-2026 13:27:12.828 INFO [main] org.apache.catalina.startup.VersionLoggerListener.log JVM Version:           11.0.29+7-post-Ubuntu-1ubuntu122.04
02-Feb-2026 13:27:12.828 INFO [main] org.apache.catalina.startup.VersionLoggerListener.log JVM Vendor:            Ubuntu
02-Feb-2026 13:27:12.828 INFO [main] org.apache.catalina.startup.VersionLoggerListener.log CATALINA_BASE:         /opt/lms/tomcat
02-Feb-2026 13:27:12.829 INFO [main] org.apache.catalina.startup.VersionLoggerListener.log CATALINA_HOME:         /opt/lms/tomcat
02-Feb-2026 13:27:13.077 INFO [main] org.apache.catalina.startup.VersionLoggerListener.log Command line argument: --add-opens=java.base/java.lang=ALL-UNNAMED
02-Feb-2026 13:27:13.141 INFO [main] org.apache.catalina.startup.VersionLoggerListener.log Command line argument: --add-opens=java.base/java.io=ALL-UNNAMED
02-Feb-2026 13:27:13.141 INFO [main] org.apache.catalina.startup.VersionLoggerListener.log Command line argument: --add-opens=java.base/java.util=ALL-UNNAMED
02-Feb-2026 13:27:13.142 INFO [main] org.apache.catalina.startup.VersionLoggerListener.log Command line argument: --add-opens=java.base/java.util.concurrent=ALL-UNNAMED
02-Feb-2026 13:27:13.142 INFO [main] org.apache.catalina.startup.VersionLoggerListener.log Command line argument: --add-opens=java.rmi/sun.rmi.transport=ALL-UNNAMED
02-Feb-2026 13:27:13.142 INFO [main] org.apache.catalina.startup.VersionLoggerListener.log Command line argument: -Djava.util.logging.config.file=/opt/lms/tomcat/conf/logging.properties
02-Feb-2026 13:27:13.143 INFO [main] org.apache.catalina.startup.VersionLoggerListener.log Command line argument: -Djava.util.logging.manager=org.apache.juli.ClassLoaderLogManager
02-Feb-2026 13:27:13.143 INFO [main] org.apache.catalina.startup.VersionLoggerListener.log Command line argument: -Djdk.tls.ephemeralDHKeySize=2048
02-Feb-2026 13:27:13.144 INFO [main] org.apache.catalina.startup.VersionLoggerListener.log Command line argument: -Djava.protocol.handler.pkgs=org.apache.catalina.webresources
02-Feb-2026 13:27:13.144 INFO [main] org.apache.catalina.startup.VersionLoggerListener.log Command line argument: -Dorg.apache.catalina.security.SecurityListener.UMASK=0027
02-Feb-2026 13:27:13.144 INFO [main] org.apache.catalina.startup.VersionLoggerListener.log Command line argument: -Dignore.endorsed.dirs=
02-Feb-2026 13:27:13.144 INFO [main] org.apache.catalina.startup.VersionLoggerListener.log Command line argument: -Dcatalina.base=/opt/lms/tomcat
02-Feb-2026 13:27:13.144 INFO [main] org.apache.catalina.startup.VersionLoggerListener.log Command line argument: -Dcatalina.home=/opt/lms/tomcat
02-Feb-2026 13:27:13.144 INFO [main] org.apache.catalina.startup.VersionLoggerListener.log Command line argument: -Djava.io.tmpdir=/opt/lms/tomcat/temp
02-Feb-2026 13:27:13.310 INFO [main] org.apache.catalina.core.AprLifecycleListener.lifecycleEvent An older version [1.2.31] of the Apache Tomcat Native library is installed, while Tomcat recommends a minimum version of [1.3.0]
02-Feb-2026 13:27:13.311 INFO [main] org.apache.catalina.core.AprLifecycleListener.lifecycleEvent Loaded Apache Tomcat Native library [1.2.31] using APR version [1.7.0].
02-Feb-2026 13:27:13.311 INFO [main] org.apache.catalina.core.AprLifecycleListener.lifecycleEvent APR capabilities: IPv6 [true], sendfile [true], accept filters [false], random [true], UDS [true].
02-Feb-2026 13:27:13.311 INFO [main] org.apache.catalina.core.AprLifecycleListener.lifecycleEvent APR/OpenSSL configuration: useAprConnector [false], useOpenSSL [true]
02-Feb-2026 13:27:13.383 INFO [main] org.apache.catalina.core.AprLifecycleListener.initializeSSL OpenSSL successfully initialized [OpenSSL 3.0.2 15 Mar 2022]
02-Feb-2026 13:27:21.792 INFO [main] org.apache.coyote.AbstractProtocol.init Initializing ProtocolHandler ["http-nio-8001"]
02-Feb-2026 13:27:22.195 INFO [main] org.apache.catalina.startup.Catalina.load Server initialization in [16087] milliseconds
02-Feb-2026 13:27:22.995 INFO [main] org.apache.catalina.core.StandardService.startInternal Starting service [Catalina]
02-Feb-2026 13:27:22.995 INFO [main] org.apache.catalina.core.StandardEngine.startInternal Starting Servlet engine: [Apache Tomcat/9.0.96]
02-Feb-2026 13:27:23.073 INFO [main] org.apache.catalina.startup.HostConfig.deployDirectory Deploying web application directory [/opt/lms/tomcat/webapps/manager]
02-Feb-2026 13:27:26.282 INFO [main] org.apache.catalina.startup.HostConfig.deployDirectory Deployment of web application directory [/opt/lms/tomcat/webapps/manager] has finished in [3,209] ms
02-Feb-2026 13:27:26.283 INFO [main] org.apache.catalina.startup.HostConfig.deployDirectory Deploying web application directory [/opt/lms/tomcat/webapps/examples]
02-Feb-2026 13:27:30.823 INFO [main] org.apache.catalina.startup.HostConfig.deployDirectory Deployment of web application directory [/opt/lms/tomcat/webapps/examples] has finished in [4,540] ms
02-Feb-2026 13:27:30.824 INFO [main] org.apache.catalina.startup.HostConfig.deployDirectory Deploying web application directory [/opt/lms/tomcat/webapps/host-manager]
02-Feb-2026 13:27:31.065 INFO [main] org.apache.catalina.startup.HostConfig.deployDirectory Deployment of web application directory [/opt/lms/tomcat/webapps/host-manager] has finished in [242] ms
02-Feb-2026 13:27:31.066 INFO [main] org.apache.catalina.startup.HostConfig.deployDirectory Deploying web application directory [/opt/lms/tomcat/webapps/docs]
02-Feb-2026 13:27:31.392 INFO [main] org.apache.catalina.startup.HostConfig.deployDirectory Deployment of web application directory [/opt/lms/tomcat/webapps/docs] has finished in [327] ms
02-Feb-2026 13:27:31.470 INFO [main] org.apache.coyote.AbstractProtocol.start Starting ProtocolHandler ["http-nio-8001"]
02-Feb-2026 13:27:31.945 INFO [main] org.apache.catalina.startup.Catalina.start Server startup in [9749] milliseconds
02-Feb-2026 13:37:06.114 INFO [main] org.apache.catalina.startup.VersionLoggerListener.log Server version name:   Apache Tomcat/9.0.96
02-Feb-2026 13:37:06.185 INFO [main] org.apache.catalina.startup.VersionLoggerListener.log Server built:          Oct 3 2024 19:44:30 UTC
02-Feb-2026 13:37:06.186 INFO [main] org.apache.catalina.startup.VersionLoggerListener.log Server version number: 9.0.96.0
02-Feb-2026 13:37:06.186 INFO [main] org.apache.catalina.startup.VersionLoggerListener.log OS Name:               Linux
02-Feb-2026 13:37:06.187 INFO [main] org.apache.catalina.startup.VersionLoggerListener.log OS Version:            6.8.0-1044-aws
02-Feb-2026 13:37:06.187 INFO [main] org.apache.catalina.startup.VersionLoggerListener.log Architecture:          amd64
02-Feb-2026 13:37:06.187 INFO [main] org.apache.catalina.startup.VersionLoggerListener.log Java Home:             /usr/lib/jvm/java-11-openjdk-amd64
02-Feb-2026 13:37:06.187 INFO [main] org.apache.catalina.startup.VersionLoggerListener.log JVM Version:           11.0.29+7-post-Ubuntu-1ubuntu122.04
02-Feb-2026 13:37:06.187 INFO [main] org.apache.catalina.startup.VersionLoggerListener.log JVM Vendor:            Ubuntu
02-Feb-2026 13:37:06.188 INFO [main] org.apache.catalina.startup.VersionLoggerListener.log CATALINA_BASE:         /opt/lms/tomcat
02-Feb-2026 13:37:06.188 INFO [main] org.apache.catalina.startup.VersionLoggerListener.log CATALINA_HOME:         /opt/lms/tomcat
02-Feb-2026 13:37:06.585 INFO [main] org.apache.catalina.startup.VersionLoggerListener.log Command line argument: --add-opens=java.base/java.lang=ALL-UNNAMED
02-Feb-2026 13:37:06.586 INFO [main] org.apache.catalina.startup.VersionLoggerListener.log Command line argument: --add-opens=java.base/java.io=ALL-UNNAMED
02-Feb-2026 13:37:06.586 INFO [main] org.apache.catalina.startup.VersionLoggerListener.log Command line argument: --add-opens=java.base/java.util=ALL-UNNAMED
02-Feb-2026 13:37:06.588 INFO [main] org.apache.catalina.startup.VersionLoggerListener.log Command line argument: --add-opens=java.base/java.util.concurrent=ALL-UNNAMED
02-Feb-2026 13:37:06.588 INFO [main] org.apache.catalina.startup.VersionLoggerListener.log Command line argument: --add-opens=java.rmi/sun.rmi.transport=ALL-UNNAMED
02-Feb-2026 13:37:06.589 INFO [main] org.apache.catalina.startup.VersionLoggerListener.log Command line argument: -Djava.util.logging.config.file=/opt/lms/tomcat/conf/logging.properties
02-Feb-2026 13:37:06.589 INFO [main] org.apache.catalina.startup.VersionLoggerListener.log Command line argument: -Djava.util.logging.manager=org.apache.juli.ClassLoaderLogManager
02-Feb-2026 13:37:06.589 INFO [main] org.apache.catalina.startup.VersionLoggerListener.log Command line argument: -Djdk.tls.ephemeralDHKeySize=2048
02-Feb-2026 13:37:06.590 INFO [main] org.apache.catalina.startup.VersionLoggerListener.log Command line argument: -Djava.protocol.handler.pkgs=org.apache.catalina.webresources
02-Feb-2026 13:37:06.591 INFO [main] org.apache.catalina.startup.VersionLoggerListener.log Command line argument: -Dorg.apache.catalina.security.SecurityListener.UMASK=0027
02-Feb-2026 13:37:06.592 INFO [main] org.apache.catalina.startup.VersionLoggerListener.log Command line argument: -Dignore.endorsed.dirs=
02-Feb-2026 13:37:06.592 INFO [main] org.apache.catalina.startup.VersionLoggerListener.log Command line argument: -Dcatalina.base=/opt/lms/tomcat
02-Feb-2026 13:37:06.593 INFO [main] org.apache.catalina.startup.VersionLoggerListener.log Command line argument: -Dcatalina.home=/opt/lms/tomcat
02-Feb-2026 13:37:06.593 INFO [main] org.apache.catalina.startup.VersionLoggerListener.log Command line argument: -Djava.io.tmpdir=/opt/lms/tomcat/temp
02-Feb-2026 13:37:06.908 INFO [main] org.apache.catalina.core.AprLifecycleListener.lifecycleEvent An older version [1.2.31] of the Apache Tomcat Native library is installed, while Tomcat recommends a minimum version of [1.3.0]
02-Feb-2026 13:37:06.909 INFO [main] org.apache.catalina.core.AprLifecycleListener.lifecycleEvent Loaded Apache Tomcat Native library [1.2.31] using APR version [1.7.0].
02-Feb-2026 13:37:06.910 INFO [main] org.apache.catalina.core.AprLifecycleListener.lifecycleEvent APR capabilities: IPv6 [true], sendfile [true], accept filters [false], random [true], UDS [true].
02-Feb-2026 13:37:06.911 INFO [main] org.apache.catalina.core.AprLifecycleListener.lifecycleEvent APR/OpenSSL configuration: useAprConnector [false], useOpenSSL [true]
02-Feb-2026 13:37:07.145 INFO [main] org.apache.catalina.core.AprLifecycleListener.initializeSSL OpenSSL successfully initialized [OpenSSL 3.0.2 15 Mar 2022]
02-Feb-2026 13:37:17.548 INFO [main] org.apache.coyote.AbstractProtocol.init Initializing ProtocolHandler ["http-nio-8001"]
02-Feb-2026 13:37:18.277 INFO [main] org.apache.catalina.startup.Catalina.load Server initialization in [20085] milliseconds
02-Feb-2026 13:37:19.952 INFO [main] org.apache.catalina.core.StandardService.startInternal Starting service [Catalina]
02-Feb-2026 13:37:19.952 INFO [main] org.apache.catalina.core.StandardEngine.startInternal Starting Servlet engine: [Apache Tomcat/9.0.96]
02-Feb-2026 13:37:20.102 INFO [main] org.apache.catalina.startup.HostConfig.deployDirectory Deploying web application directory [/opt/lms/tomcat/webapps/manager]
02-Feb-2026 13:37:28.273 INFO [main] org.apache.catalina.startup.HostConfig.deployDirectory Deployment of web application directory [/opt/lms/tomcat/webapps/manager] has finished in [8,166] ms
02-Feb-2026 13:37:28.274 INFO [main] org.apache.catalina.startup.HostConfig.deployDirectory Deploying web application directory [/opt/lms/tomcat/webapps/examples]
02-Feb-2026 13:37:35.785 INFO [main] org.apache.catalina.startup.HostConfig.deployDirectory Deployment of web application directory [/opt/lms/tomcat/webapps/examples] has finished in [7,511] ms
02-Feb-2026 13:37:35.786 INFO [main] org.apache.catalina.startup.HostConfig.deployDirectory Deploying web application directory [/opt/lms/tomcat/webapps/host-manager]
02-Feb-2026 13:37:36.433 INFO [main] org.apache.catalina.startup.HostConfig.deployDirectory Deployment of web application directory [/opt/lms/tomcat/webapps/host-manager] has finished in [645] ms
02-Feb-2026 13:37:36.434 INFO [main] org.apache.catalina.startup.HostConfig.deployDirectory Deploying web application directory [/opt/lms/tomcat/webapps/docs]
02-Feb-2026 13:37:37.228 INFO [main] org.apache.catalina.startup.HostConfig.deployDirectory Deployment of web application directory [/opt/lms/tomcat/webapps/docs] has finished in [794] ms
02-Feb-2026 13:37:37.385 INFO [main] org.apache.coyote.AbstractProtocol.start Starting ProtocolHandler ["http-nio-8001"]
02-Feb-2026 13:37:37.958 INFO [main] org.apache.catalina.startup.Catalina.start Server startup in [19680] milliseconds
02-Feb-2026 13:41:44.191 INFO [main] org.apache.catalina.startup.VersionLoggerListener.log Server version name:   Apache Tomcat/9.0.96
02-Feb-2026 13:41:44.264 INFO [main] org.apache.catalina.startup.VersionLoggerListener.log Server built:          Oct 3 2024 19:44:30 UTC
02-Feb-2026 13:41:44.264 INFO [main] org.apache.catalina.startup.VersionLoggerListener.log Server version number: 9.0.96.0
02-Feb-2026 13:41:44.264 INFO [main] org.apache.catalina.startup.VersionLoggerListener.log OS Name:               Linux
02-Feb-2026 13:41:44.264 INFO [main] org.apache.catalina.startup.VersionLoggerListener.log OS Version:            6.8.0-1044-aws
02-Feb-2026 13:41:44.264 INFO [main] org.apache.catalina.startup.VersionLoggerListener.log Architecture:          amd64
02-Feb-2026 13:41:44.265 INFO [main] org.apache.catalina.startup.VersionLoggerListener.log Java Home:             /usr/lib/jvm/java-11-openjdk-amd64
02-Feb-2026 13:41:44.265 INFO [main] org.apache.catalina.startup.VersionLoggerListener.log JVM Version:           11.0.29+7-post-Ubuntu-1ubuntu122.04
02-Feb-2026 13:41:44.265 INFO [main] org.apache.catalina.startup.VersionLoggerListener.log JVM Vendor:            Ubuntu
02-Feb-2026 13:41:44.265 INFO [main] org.apache.catalina.startup.VersionLoggerListener.log CATALINA_BASE:         /opt/lms/tomcat
02-Feb-2026 13:41:44.265 INFO [main] org.apache.catalina.startup.VersionLoggerListener.log CATALINA_HOME:         /opt/lms/tomcat
02-Feb-2026 13:41:44.741 INFO [main] org.apache.catalina.startup.VersionLoggerListener.log Command line argument: --add-opens=java.base/java.lang=ALL-UNNAMED
02-Feb-2026 13:41:44.744 INFO [main] org.apache.catalina.startup.VersionLoggerListener.log Command line argument: --add-opens=java.base/java.io=ALL-UNNAMED
02-Feb-2026 13:41:44.744 INFO [main] org.apache.catalina.startup.VersionLoggerListener.log Command line argument: --add-opens=java.base/java.util=ALL-UNNAMED
02-Feb-2026 13:41:44.745 INFO [main] org.apache.catalina.startup.VersionLoggerListener.log Command line argument: --add-opens=java.base/java.util.concurrent=ALL-UNNAMED
02-Feb-2026 13:41:44.745 INFO [main] org.apache.catalina.startup.VersionLoggerListener.log Command line argument: --add-opens=java.rmi/sun.rmi.transport=ALL-UNNAMED
02-Feb-2026 13:41:44.745 INFO [main] org.apache.catalina.startup.VersionLoggerListener.log Command line argument: -Djava.util.logging.config.file=/opt/lms/tomcat/conf/logging.properties
02-Feb-2026 13:41:44.745 INFO [main] org.apache.catalina.startup.VersionLoggerListener.log Command line argument: -Djava.util.logging.manager=org.apache.juli.ClassLoaderLogManager
02-Feb-2026 13:41:44.745 INFO [main] org.apache.catalina.startup.VersionLoggerListener.log Command line argument: -Djdk.tls.ephemeralDHKeySize=2048
02-Feb-2026 13:41:44.746 INFO [main] org.apache.catalina.startup.VersionLoggerListener.log Command line argument: -Djava.protocol.handler.pkgs=org.apache.catalina.webresources
02-Feb-2026 13:41:44.746 INFO [main] org.apache.catalina.startup.VersionLoggerListener.log Command line argument: -Dorg.apache.catalina.security.SecurityListener.UMASK=0027
02-Feb-2026 13:41:44.746 INFO [main] org.apache.catalina.startup.VersionLoggerListener.log Command line argument: -Dignore.endorsed.dirs=
02-Feb-2026 13:41:44.746 INFO [main] org.apache.catalina.startup.VersionLoggerListener.log Command line argument: -Dcatalina.base=/opt/lms/tomcat
02-Feb-2026 13:41:44.746 INFO [main] org.apache.catalina.startup.VersionLoggerListener.log Command line argument: -Dcatalina.home=/opt/lms/tomcat
02-Feb-2026 13:41:44.746 INFO [main] org.apache.catalina.startup.VersionLoggerListener.log Command line argument: -Djava.io.tmpdir=/opt/lms/tomcat/temp
02-Feb-2026 13:41:44.826 INFO [main] org.apache.catalina.core.AprLifecycleListener.lifecycleEvent An older version [1.2.31] of the Apache Tomcat Native library is installed, while Tomcat recommends a minimum version of [1.3.0]
02-Feb-2026 13:41:44.827 INFO [main] org.apache.catalina.core.AprLifecycleListener.lifecycleEvent Loaded Apache Tomcat Native library [1.2.31] using APR version [1.7.0].
02-Feb-2026 13:41:44.827 INFO [main] org.apache.catalina.core.AprLifecycleListener.lifecycleEvent APR capabilities: IPv6 [true], sendfile [true], accept filters [false], random [true], UDS [true].
02-Feb-2026 13:41:44.827 INFO [main] org.apache.catalina.core.AprLifecycleListener.lifecycleEvent APR/OpenSSL configuration: useAprConnector [false], useOpenSSL [true]
02-Feb-2026 13:41:44.835 INFO [main] org.apache.catalina.core.AprLifecycleListener.initializeSSL OpenSSL successfully initialized [OpenSSL 3.0.2 15 Mar 2022]
02-Feb-2026 13:41:57.063 INFO [main] org.apache.coyote.AbstractProtocol.init Initializing ProtocolHandler ["http-nio-8001"]
02-Feb-2026 13:41:58.823 INFO [main] org.apache.catalina.startup.Catalina.load Server initialization in [20862] milliseconds
02-Feb-2026 13:42:01.403 INFO [main] org.apache.catalina.core.StandardService.startInternal Starting service [Catalina]
02-Feb-2026 13:42:01.474 INFO [main] org.apache.catalina.core.StandardEngine.startInternal Starting Servlet engine: [Apache Tomcat/9.0.96]
02-Feb-2026 13:42:01.783 INFO [main] org.apache.catalina.startup.HostConfig.deployDirectory Deploying web application directory [/opt/lms/tomcat/webapps/manager]
02-Feb-2026 13:42:15.789 INFO [main] org.apache.catalina.startup.HostConfig.deployDirectory Deployment of web application directory [/opt/lms/tomcat/webapps/manager] has finished in [14,003] ms
02-Feb-2026 13:42:15.790 INFO [main] org.apache.catalina.startup.HostConfig.deployDirectory Deploying web application directory [/opt/lms/tomcat/webapps/examples]
02-Feb-2026 13:42:23.879 INFO [main] org.apache.catalina.startup.HostConfig.deployDirectory Deployment of web application directory [/opt/lms/tomcat/webapps/examples] has finished in [8,090] ms
02-Feb-2026 13:42:23.880 INFO [main] org.apache.catalina.startup.HostConfig.deployDirectory Deploying web application directory [/opt/lms/tomcat/webapps/host-manager]
02-Feb-2026 13:42:24.506 INFO [main] org.apache.catalina.startup.HostConfig.deployDirectory Deployment of web application directory [/opt/lms/tomcat/webapps/host-manager] has finished in [627] ms
02-Feb-2026 13:42:24.506 INFO [main] org.apache.catalina.startup.HostConfig.deployDirectory Deploying web application directory [/opt/lms/tomcat/webapps/docs]
02-Feb-2026 13:42:25.236 INFO [main] org.apache.catalina.startup.HostConfig.deployDirectory Deployment of web application directory [/opt/lms/tomcat/webapps/docs] has finished in [730] ms
02-Feb-2026 13:42:25.627 INFO [main] org.apache.coyote.AbstractProtocol.start Starting ProtocolHandler ["http-nio-8001"]
02-Feb-2026 13:42:26.031 INFO [main] org.apache.catalina.startup.Catalina.start Server startup in [27200] milliseconds
02-Feb-2026 13:46:33.495 INFO [main] org.apache.catalina.startup.VersionLoggerListener.log Server version name:   Apache Tomcat/9.0.96
02-Feb-2026 13:46:33.505 INFO [main] org.apache.catalina.startup.VersionLoggerListener.log Server built:          Oct 3 2024 19:44:30 UTC
02-Feb-2026 13:46:33.509 INFO [main] org.apache.catalina.startup.VersionLoggerListener.log Server version number: 9.0.96.0
02-Feb-2026 13:46:33.509 INFO [main] org.apache.catalina.startup.VersionLoggerListener.log OS Name:               Linux
02-Feb-2026 13:46:33.510 INFO [main] org.apache.catalina.startup.VersionLoggerListener.log OS Version:            6.8.0-1044-aws
02-Feb-2026 13:46:33.510 INFO [main] org.apache.catalina.startup.VersionLoggerListener.log Architecture:          amd64
02-Feb-2026 13:46:33.510 INFO [main] org.apache.catalina.startup.VersionLoggerListener.log Java Home:             /usr/lib/jvm/java-11-openjdk-amd64
02-Feb-2026 13:46:33.510 INFO [main] org.apache.catalina.startup.VersionLoggerListener.log JVM Version:           11.0.29+7-post-Ubuntu-1ubuntu122.04
02-Feb-2026 13:46:33.510 INFO [main] org.apache.catalina.startup.VersionLoggerListener.log JVM Vendor:            Ubuntu
02-Feb-2026 13:46:33.510 INFO [main] org.apache.catalina.startup.VersionLoggerListener.log CATALINA_BASE:         /opt/lms/tomcat
02-Feb-2026 13:46:33.510 INFO [main] org.apache.catalina.startup.VersionLoggerListener.log CATALINA_HOME:         /opt/lms/tomcat
02-Feb-2026 13:46:33.600 INFO [main] org.apache.catalina.startup.VersionLoggerListener.log Command line argument: --add-opens=java.base/java.lang=ALL-UNNAMED
02-Feb-2026 13:46:33.601 INFO [main] org.apache.catalina.startup.VersionLoggerListener.log Command line argument: --add-opens=java.base/java.io=ALL-UNNAMED
02-Feb-2026 13:46:33.601 INFO [main] org.apache.catalina.startup.VersionLoggerListener.log Command line argument: --add-opens=java.base/java.util=ALL-UNNAMED
02-Feb-2026 13:46:33.601 INFO [main] org.apache.catalina.startup.VersionLoggerListener.log Command line argument: --add-opens=java.base/java.util.concurrent=ALL-UNNAMED
02-Feb-2026 13:46:33.604 INFO [main] org.apache.catalina.startup.VersionLoggerListener.log Command line argument: --add-opens=java.rmi/sun.rmi.transport=ALL-UNNAMED
02-Feb-2026 13:46:33.604 INFO [main] org.apache.catalina.startup.VersionLoggerListener.log Command line argument: -Djava.util.logging.config.file=/opt/lms/tomcat/conf/logging.properties
02-Feb-2026 13:46:33.604 INFO [main] org.apache.catalina.startup.VersionLoggerListener.log Command line argument: -Djava.util.logging.manager=org.apache.juli.ClassLoaderLogManager
02-Feb-2026 13:46:33.605 INFO [main] org.apache.catalina.startup.VersionLoggerListener.log Command line argument: -Djdk.tls.ephemeralDHKeySize=2048
02-Feb-2026 13:46:33.605 INFO [main] org.apache.catalina.startup.VersionLoggerListener.log Command line argument: -Djava.protocol.handler.pkgs=org.apache.catalina.webresources
02-Feb-2026 13:46:33.605 INFO [main] org.apache.catalina.startup.VersionLoggerListener.log Command line argument: -Dorg.apache.catalina.security.SecurityListener.UMASK=0027
02-Feb-2026 13:46:33.605 INFO [main] org.apache.catalina.startup.VersionLoggerListener.log Command line argument: -Dignore.endorsed.dirs=
02-Feb-2026 13:46:33.605 INFO [main] org.apache.catalina.startup.VersionLoggerListener.log Command line argument: -Dcatalina.base=/opt/lms/tomcat
02-Feb-2026 13:46:33.608 INFO [main] org.apache.catalina.startup.VersionLoggerListener.log Command line argument: -Dcatalina.home=/opt/lms/tomcat
02-Feb-2026 13:46:33.608 INFO [main] org.apache.catalina.startup.VersionLoggerListener.log Command line argument: -Djava.io.tmpdir=/opt/lms/tomcat/temp
02-Feb-2026 13:46:33.643 INFO [main] org.apache.catalina.core.AprLifecycleListener.lifecycleEvent An older version [1.2.31] of the Apache Tomcat Native library is installed, while Tomcat recommends a minimum version of [1.3.0]
02-Feb-2026 13:46:33.644 INFO [main] org.apache.catalina.core.AprLifecycleListener.lifecycleEvent Loaded Apache Tomcat Native library [1.2.31] using APR version [1.7.0].
02-Feb-2026 13:46:33.644 INFO [main] org.apache.catalina.core.AprLifecycleListener.lifecycleEvent APR capabilities: IPv6 [true], sendfile [true], accept filters [false], random [true], UDS [true].
02-Feb-2026 13:46:33.644 INFO [main] org.apache.catalina.core.AprLifecycleListener.lifecycleEvent APR/OpenSSL configuration: useAprConnector [false], useOpenSSL [true]
02-Feb-2026 13:46:33.657 INFO [main] org.apache.catalina.core.AprLifecycleListener.initializeSSL OpenSSL successfully initialized [OpenSSL 3.0.2 15 Mar 2022]
02-Feb-2026 13:46:42.341 INFO [main] org.apache.coyote.AbstractProtocol.init Initializing ProtocolHandler ["http-nio-8001"]
02-Feb-2026 13:46:42.994 INFO [main] org.apache.catalina.startup.Catalina.load Server initialization in [10602] milliseconds
02-Feb-2026 13:46:44.997 INFO [main] org.apache.catalina.core.StandardService.startInternal Starting service [Catalina]
02-Feb-2026 13:46:45.061 INFO [main] org.apache.catalina.core.StandardEngine.startInternal Starting Servlet engine: [Apache Tomcat/9.0.96]
02-Feb-2026 13:46:45.146 INFO [main] org.apache.catalina.startup.HostConfig.deployDirectory Deploying web application directory [/opt/lms/tomcat/webapps/manager]
02-Feb-2026 13:46:53.620 INFO [main] org.apache.catalina.startup.HostConfig.deployDirectory Deployment of web application directory [/opt/lms/tomcat/webapps/manager] has finished in [8,409] ms
02-Feb-2026 13:46:53.621 INFO [main] org.apache.catalina.startup.HostConfig.deployDirectory Deploying web application directory [/opt/lms/tomcat/webapps/examples]
02-Feb-2026 13:46:59.628 INFO [main] org.apache.catalina.startup.HostConfig.deployDirectory Deployment of web application directory [/opt/lms/tomcat/webapps/examples] has finished in [6,007] ms
02-Feb-2026 13:46:59.630 INFO [main] org.apache.catalina.startup.HostConfig.deployDirectory Deploying web application directory [/opt/lms/tomcat/webapps/host-manager]
02-Feb-2026 13:47:00.345 INFO [main] org.apache.catalina.startup.HostConfig.deployDirectory Deployment of web application directory [/opt/lms/tomcat/webapps/host-manager] has finished in [713] ms
02-Feb-2026 13:47:00.346 INFO [main] org.apache.catalina.startup.HostConfig.deployDirectory Deploying web application directory [/opt/lms/tomcat/webapps/docs]
02-Feb-2026 13:47:00.662 INFO [main] org.apache.catalina.startup.HostConfig.deployDirectory Deployment of web application directory [/opt/lms/tomcat/webapps/docs] has finished in [315] ms
02-Feb-2026 13:47:00.668 INFO [main] org.apache.coyote.AbstractProtocol.start Starting ProtocolHandler ["http-nio-8001"]
02-Feb-2026 13:47:00.834 INFO [main] org.apache.catalina.startup.Catalina.start Server startup in [17839] milliseconds
02-Feb-2026 13:48:53.068 INFO [main] org.apache.catalina.startup.VersionLoggerListener.log Server version name:   Apache Tomcat/9.0.96
02-Feb-2026 13:48:53.073 INFO [main] org.apache.catalina.startup.VersionLoggerListener.log Server built:          Oct 3 2024 19:44:30 UTC
02-Feb-2026 13:48:53.075 INFO [main] org.apache.catalina.startup.VersionLoggerListener.log Server version number: 9.0.96.0
02-Feb-2026 13:48:53.075 INFO [main] org.apache.catalina.startup.VersionLoggerListener.log OS Name:               Linux
02-Feb-2026 13:48:53.075 INFO [main] org.apache.catalina.startup.VersionLoggerListener.log OS Version:            6.8.0-1044-aws
02-Feb-2026 13:48:53.075 INFO [main] org.apache.catalina.startup.VersionLoggerListener.log Architecture:          amd64
02-Feb-2026 13:48:53.075 INFO [main] org.apache.catalina.startup.VersionLoggerListener.log Java Home:             /usr/lib/jvm/java-11-openjdk-amd64
02-Feb-2026 13:48:53.075 INFO [main] org.apache.catalina.startup.VersionLoggerListener.log JVM Version:           11.0.29+7-post-Ubuntu-1ubuntu122.04
02-Feb-2026 13:48:53.075 INFO [main] org.apache.catalina.startup.VersionLoggerListener.log JVM Vendor:            Ubuntu
02-Feb-2026 13:48:53.141 INFO [main] org.apache.catalina.startup.VersionLoggerListener.log CATALINA_BASE:         /opt/lms/tomcat
02-Feb-2026 13:48:53.141 INFO [main] org.apache.catalina.startup.VersionLoggerListener.log CATALINA_HOME:         /opt/lms/tomcat
02-Feb-2026 13:48:53.626 INFO [main] org.apache.catalina.startup.VersionLoggerListener.log Command line argument: --add-opens=java.base/java.lang=ALL-UNNAMED
02-Feb-2026 13:48:53.629 INFO [main] org.apache.catalina.startup.VersionLoggerListener.log Command line argument: --add-opens=java.base/java.io=ALL-UNNAMED
02-Feb-2026 13:48:53.629 INFO [main] org.apache.catalina.startup.VersionLoggerListener.log Command line argument: --add-opens=java.base/java.util=ALL-UNNAMED
02-Feb-2026 13:48:53.630 INFO [main] org.apache.catalina.startup.VersionLoggerListener.log Command line argument: --add-opens=java.base/java.util.concurrent=ALL-UNNAMED
02-Feb-2026 13:48:53.630 INFO [main] org.apache.catalina.startup.VersionLoggerListener.log Command line argument: --add-opens=java.rmi/sun.rmi.transport=ALL-UNNAMED
02-Feb-2026 13:48:53.630 INFO [main] org.apache.catalina.startup.VersionLoggerListener.log Command line argument: -Djava.util.logging.config.file=/opt/lms/tomcat/conf/logging.properties
02-Feb-2026 13:48:53.630 INFO [main] org.apache.catalina.startup.VersionLoggerListener.log Command line argument: -Djava.util.logging.manager=org.apache.juli.ClassLoaderLogManager
02-Feb-2026 13:48:53.630 INFO [main] org.apache.catalina.startup.VersionLoggerListener.log Command line argument: -Djdk.tls.ephemeralDHKeySize=2048
02-Feb-2026 13:48:53.630 INFO [main] org.apache.catalina.startup.VersionLoggerListener.log Command line argument: -Djava.protocol.handler.pkgs=org.apache.catalina.webresources
02-Feb-2026 13:48:53.630 INFO [main] org.apache.catalina.startup.VersionLoggerListener.log Command line argument: -Dorg.apache.catalina.security.SecurityListener.UMASK=0027
02-Feb-2026 13:48:53.630 INFO [main] org.apache.catalina.startup.VersionLoggerListener.log Command line argument: -Dignore.endorsed.dirs=
02-Feb-2026 13:48:53.631 INFO [main] org.apache.catalina.startup.VersionLoggerListener.log Command line argument: -Dcatalina.base=/opt/lms/tomcat
02-Feb-2026 13:48:53.631 INFO [main] org.apache.catalina.startup.VersionLoggerListener.log Command line argument: -Dcatalina.home=/opt/lms/tomcat
02-Feb-2026 13:48:53.631 INFO [main] org.apache.catalina.startup.VersionLoggerListener.log Command line argument: -Djava.io.tmpdir=/opt/lms/tomcat/temp
02-Feb-2026 13:48:53.781 INFO [main] org.apache.catalina.core.AprLifecycleListener.lifecycleEvent An older version [1.2.31] of the Apache Tomcat Native library is installed, while Tomcat recommends a minimum version of [1.3.0]
02-Feb-2026 13:48:53.782 INFO [main] org.apache.catalina.core.AprLifecycleListener.lifecycleEvent Loaded Apache Tomcat Native library [1.2.31] using APR version [1.7.0].
02-Feb-2026 13:48:53.782 INFO [main] org.apache.catalina.core.AprLifecycleListener.lifecycleEvent APR capabilities: IPv6 [true], sendfile [true], accept filters [false], random [true], UDS [true].
02-Feb-2026 13:48:53.786 INFO [main] org.apache.catalina.core.AprLifecycleListener.lifecycleEvent APR/OpenSSL configuration: useAprConnector [false], useOpenSSL [true]
02-Feb-2026 13:48:53.873 INFO [main] org.apache.catalina.core.AprLifecycleListener.initializeSSL OpenSSL successfully initialized [OpenSSL 3.0.2 15 Mar 2022]
02-Feb-2026 13:49:08.593 INFO [main] org.apache.coyote.AbstractProtocol.init Initializing ProtocolHandler ["http-nio-8001"]
02-Feb-2026 13:49:09.548 INFO [main] org.apache.catalina.startup.Catalina.load Server initialization in [25674] milliseconds
02-Feb-2026 13:49:11.716 INFO [main] org.apache.catalina.core.StandardService.startInternal Starting service [Catalina]
02-Feb-2026 13:49:11.716 INFO [main] org.apache.catalina.core.StandardEngine.startInternal Starting Servlet engine: [Apache Tomcat/9.0.96]
02-Feb-2026 13:49:11.879 INFO [main] org.apache.catalina.startup.HostConfig.deployDirectory Deploying web application directory [/opt/lms/tomcat/webapps/manager]
02-Feb-2026 13:49:23.944 WARNING [main] org.apache.catalina.util.SessionIdGeneratorBase.createSecureRandom Creation of SecureRandom instance for session ID generation using [SHA1PRNG] took [154] milliseconds.
02-Feb-2026 13:49:24.822 INFO [main] org.apache.catalina.startup.HostConfig.deployDirectory Deployment of web application directory [/opt/lms/tomcat/webapps/manager] has finished in [12,943] ms
02-Feb-2026 13:49:24.824 INFO [main] org.apache.catalina.startup.HostConfig.deployDirectory Deploying web application directory [/opt/lms/tomcat/webapps/examples]
02-Feb-2026 13:49:33.387 INFO [main] org.apache.catalina.startup.HostConfig.deployDirectory Deployment of web application directory [/opt/lms/tomcat/webapps/examples] has finished in [8,562] ms
02-Feb-2026 13:49:33.390 INFO [main] org.apache.catalina.startup.HostConfig.deployDirectory Deploying web application directory [/opt/lms/tomcat/webapps/host-manager]
02-Feb-2026 13:49:34.512 INFO [main] org.apache.catalina.startup.HostConfig.deployDirectory Deployment of web application directory [/opt/lms/tomcat/webapps/host-manager] has finished in [1,122] ms
02-Feb-2026 13:49:34.512 INFO [main] org.apache.catalina.startup.HostConfig.deployDirectory Deploying web application directory [/opt/lms/tomcat/webapps/docs]
02-Feb-2026 13:49:35.318 INFO [main] org.apache.catalina.startup.HostConfig.deployDirectory Deployment of web application directory [/opt/lms/tomcat/webapps/docs] has finished in [806] ms
02-Feb-2026 13:49:35.460 INFO [main] org.apache.coyote.AbstractProtocol.start Starting ProtocolHandler ["http-nio-8001"]
02-Feb-2026 13:49:36.038 INFO [main] org.apache.catalina.startup.Catalina.start Server startup in [26488] milliseconds
02-Feb-2026 13:50:05.151 INFO [main] org.apache.catalina.startup.VersionLoggerListener.log Server version name:   Apache Tomcat/9.0.96
02-Feb-2026 13:50:05.155 INFO [main] org.apache.catalina.startup.VersionLoggerListener.log Server built:          Oct 3 2024 19:44:30 UTC
02-Feb-2026 13:50:05.155 INFO [main] org.apache.catalina.startup.VersionLoggerListener.log Server version number: 9.0.96.0
02-Feb-2026 13:50:05.155 INFO [main] org.apache.catalina.startup.VersionLoggerListener.log OS Name:               Linux
02-Feb-2026 13:50:05.155 INFO [main] org.apache.catalina.startup.VersionLoggerListener.log OS Version:            6.8.0-1044-aws
02-Feb-2026 13:50:05.155 INFO [main] org.apache.catalina.startup.VersionLoggerListener.log Architecture:          amd64
02-Feb-2026 13:50:05.156 INFO [main] org.apache.catalina.startup.VersionLoggerListener.log Java Home:             /usr/lib/jvm/java-11-openjdk-amd64
02-Feb-2026 13:50:05.156 INFO [main] org.apache.catalina.startup.VersionLoggerListener.log JVM Version:           11.0.29+7-post-Ubuntu-1ubuntu122.04
02-Feb-2026 13:50:05.156 INFO [main] org.apache.catalina.startup.VersionLoggerListener.log JVM Vendor:            Ubuntu
02-Feb-2026 13:50:05.156 INFO [main] org.apache.catalina.startup.VersionLoggerListener.log CATALINA_BASE:         /opt/lms/tomcat
02-Feb-2026 13:50:05.156 INFO [main] org.apache.catalina.startup.VersionLoggerListener.log CATALINA_HOME:         /opt/lms/tomcat
02-Feb-2026 13:50:05.393 INFO [main] org.apache.catalina.startup.VersionLoggerListener.log Command line argument: --add-opens=java.base/java.lang=ALL-UNNAMED
02-Feb-2026 13:50:05.461 INFO [main] org.apache.catalina.startup.VersionLoggerListener.log Command line argument: --add-opens=java.base/java.io=ALL-UNNAMED
02-Feb-2026 13:50:05.461 INFO [main] org.apache.catalina.startup.VersionLoggerListener.log Command line argument: --add-opens=java.base/java.util=ALL-UNNAMED
02-Feb-2026 13:50:05.461 INFO [main] org.apache.catalina.startup.VersionLoggerListener.log Command line argument: --add-opens=java.base/java.util.concurrent=ALL-UNNAMED
02-Feb-2026 13:50:05.461 INFO [main] org.apache.catalina.startup.VersionLoggerListener.log Command line argument: --add-opens=java.rmi/sun.rmi.transport=ALL-UNNAMED
02-Feb-2026 13:50:05.461 INFO [main] org.apache.catalina.startup.VersionLoggerListener.log Command line argument: -Djava.util.logging.config.file=/opt/lms/tomcat/conf/logging.properties
02-Feb-2026 13:50:05.461 INFO [main] org.apache.catalina.startup.VersionLoggerListener.log Command line argument: -Djava.util.logging.manager=org.apache.juli.ClassLoaderLogManager
02-Feb-2026 13:50:05.462 INFO [main] org.apache.catalina.startup.VersionLoggerListener.log Command line argument: -Djdk.tls.ephemeralDHKeySize=2048
02-Feb-2026 13:50:05.462 INFO [main] org.apache.catalina.startup.VersionLoggerListener.log Command line argument: -Djava.protocol.handler.pkgs=org.apache.catalina.webresources
02-Feb-2026 13:50:05.462 INFO [main] org.apache.catalina.startup.VersionLoggerListener.log Command line argument: -Dorg.apache.catalina.security.SecurityListener.UMASK=0027
02-Feb-2026 13:50:05.462 INFO [main] org.apache.catalina.startup.VersionLoggerListener.log Command line argument: -Dignore.endorsed.dirs=
02-Feb-2026 13:50:05.462 INFO [main] org.apache.catalina.startup.VersionLoggerListener.log Command line argument: -Dcatalina.base=/opt/lms/tomcat
02-Feb-2026 13:50:05.462 INFO [main] org.apache.catalina.startup.VersionLoggerListener.log Command line argument: -Dcatalina.home=/opt/lms/tomcat
02-Feb-2026 13:50:05.462 INFO [main] org.apache.catalina.startup.VersionLoggerListener.log Command line argument: -Djava.io.tmpdir=/opt/lms/tomcat/temp
02-Feb-2026 13:50:05.471 INFO [main] org.apache.catalina.core.AprLifecycleListener.lifecycleEvent An older version [1.2.31] of the Apache Tomcat Native library is installed, while Tomcat recommends a minimum version of [1.3.0]
02-Feb-2026 13:50:05.473 INFO [main] org.apache.catalina.core.AprLifecycleListener.lifecycleEvent Loaded Apache Tomcat Native library [1.2.31] using APR version [1.7.0].
02-Feb-2026 13:50:05.473 INFO [main] org.apache.catalina.core.AprLifecycleListener.lifecycleEvent APR capabilities: IPv6 [true], sendfile [true], accept filters [false], random [true], UDS [true].
02-Feb-2026 13:50:05.473 INFO [main] org.apache.catalina.core.AprLifecycleListener.lifecycleEvent APR/OpenSSL configuration: useAprConnector [false], useOpenSSL [true]
02-Feb-2026 13:50:05.621 INFO [main] org.apache.catalina.core.AprLifecycleListener.initializeSSL OpenSSL successfully initialized [OpenSSL 3.0.2 15 Mar 2022]
02-Feb-2026 13:50:18.821 INFO [main] org.apache.coyote.AbstractProtocol.init Initializing ProtocolHandler ["http-nio-8001"]
02-Feb-2026 13:50:20.672 INFO [main] org.apache.catalina.startup.Catalina.load Server initialization in [21836] milliseconds
02-Feb-2026 13:50:24.513 INFO [main] org.apache.catalina.core.StandardService.startInternal Starting service [Catalina]
02-Feb-2026 13:50:24.513 INFO [main] org.apache.catalina.core.StandardEngine.startInternal Starting Servlet engine: [Apache Tomcat/9.0.96]
02-Feb-2026 13:50:25.233 INFO [main] org.apache.catalina.startup.HostConfig.deployDirectory Deploying web application directory [/opt/lms/tomcat/webapps/manager]
02-Feb-2026 13:50:46.026 WARNING [main] org.apache.catalina.util.SessionIdGeneratorBase.createSecureRandom Creation of SecureRandom instance for session ID generation using [SHA1PRNG] took [391] milliseconds.
02-Feb-2026 13:50:47.712 INFO [main] org.apache.catalina.startup.HostConfig.deployDirectory Deployment of web application directory [/opt/lms/tomcat/webapps/manager] has finished in [22,479] ms
02-Feb-2026 13:50:47.714 INFO [main] org.apache.catalina.startup.HostConfig.deployDirectory Deploying web application directory [/opt/lms/tomcat/webapps/examples]
02-Feb-2026 13:51:06.913 INFO [main] org.apache.catalina.startup.HostConfig.deployDirectory Deployment of web application directory [/opt/lms/tomcat/webapps/examples] has finished in [19,189] ms
02-Feb-2026 13:51:06.914 INFO [main] org.apache.catalina.startup.HostConfig.deployDirectory Deploying web application directory [/opt/lms/tomcat/webapps/host-manager]
02-Feb-2026 13:51:08.347 INFO [main] org.apache.catalina.startup.HostConfig.deployDirectory Deployment of web application directory [/opt/lms/tomcat/webapps/host-manager] has finished in [1,433] ms
02-Feb-2026 13:51:08.347 INFO [main] org.apache.catalina.startup.HostConfig.deployDirectory Deploying web application directory [/opt/lms/tomcat/webapps/docs]
02-Feb-2026 13:51:08.592 INFO [main] org.apache.catalina.startup.HostConfig.deployDirectory Deployment of web application directory [/opt/lms/tomcat/webapps/docs] has finished in [245] ms
02-Feb-2026 13:51:08.831 INFO [main] org.apache.coyote.AbstractProtocol.start Starting ProtocolHandler ["http-nio-8001"]
02-Feb-2026 13:51:10.184 INFO [main] org.apache.catalina.startup.Catalina.start Server startup in [49442] milliseconds
02-Feb-2026 14:01:07.226 INFO [main] org.apache.catalina.startup.VersionLoggerListener.log Server version name:   Apache Tomcat/9.0.96
02-Feb-2026 14:01:07.230 INFO [main] org.apache.catalina.startup.VersionLoggerListener.log Server built:          Oct 3 2024 19:44:30 UTC
02-Feb-2026 14:01:07.230 INFO [main] org.apache.catalina.startup.VersionLoggerListener.log Server version number: 9.0.96.0
02-Feb-2026 14:01:07.230 INFO [main] org.apache.catalina.startup.VersionLoggerListener.log OS Name:               Linux
02-Feb-2026 14:01:07.231 INFO [main] org.apache.catalina.startup.VersionLoggerListener.log OS Version:            6.8.0-1044-aws
02-Feb-2026 14:01:07.231 INFO [main] org.apache.catalina.startup.VersionLoggerListener.log Architecture:          amd64
02-Feb-2026 14:01:07.231 INFO [main] org.apache.catalina.startup.VersionLoggerListener.log Java Home:             /usr/lib/jvm/java-11-openjdk-amd64
02-Feb-2026 14:01:07.232 INFO [main] org.apache.catalina.startup.VersionLoggerListener.log JVM Version:           11.0.29+7-post-Ubuntu-1ubuntu122.04
02-Feb-2026 14:01:07.232 INFO [main] org.apache.catalina.startup.VersionLoggerListener.log JVM Vendor:            Ubuntu
02-Feb-2026 14:01:07.232 INFO [main] org.apache.catalina.startup.VersionLoggerListener.log CATALINA_BASE:         /opt/lms/tomcat
02-Feb-2026 14:01:07.232 INFO [main] org.apache.catalina.startup.VersionLoggerListener.log CATALINA_HOME:         /opt/lms/tomcat
02-Feb-2026 14:01:07.279 INFO [main] org.apache.catalina.startup.VersionLoggerListener.log Command line argument: --add-opens=java.base/java.lang=ALL-UNNAMED
02-Feb-2026 14:01:07.279 INFO [main] org.apache.catalina.startup.VersionLoggerListener.log Command line argument: --add-opens=java.base/java.io=ALL-UNNAMED
02-Feb-2026 14:01:07.279 INFO [main] org.apache.catalina.startup.VersionLoggerListener.log Command line argument: --add-opens=java.base/java.util=ALL-UNNAMED
02-Feb-2026 14:01:07.279 INFO [main] org.apache.catalina.startup.VersionLoggerListener.log Command line argument: --add-opens=java.base/java.util.concurrent=ALL-UNNAMED
02-Feb-2026 14:01:07.280 INFO [main] org.apache.catalina.startup.VersionLoggerListener.log Command line argument: --add-opens=java.rmi/sun.rmi.transport=ALL-UNNAMED
02-Feb-2026 14:01:07.280 INFO [main] org.apache.catalina.startup.VersionLoggerListener.log Command line argument: -Djava.util.logging.config.file=/opt/lms/tomcat/conf/logging.properties
02-Feb-2026 14:01:07.280 INFO [main] org.apache.catalina.startup.VersionLoggerListener.log Command line argument: -Djava.util.logging.manager=org.apache.juli.ClassLoaderLogManager
02-Feb-2026 14:01:07.280 INFO [main] org.apache.catalina.startup.VersionLoggerListener.log Command line argument: -Djdk.tls.ephemeralDHKeySize=2048
02-Feb-2026 14:01:07.280 INFO [main] org.apache.catalina.startup.VersionLoggerListener.log Command line argument: -Djava.protocol.handler.pkgs=org.apache.catalina.webresources
02-Feb-2026 14:01:07.280 INFO [main] org.apache.catalina.startup.VersionLoggerListener.log Command line argument: -Dorg.apache.catalina.security.SecurityListener.UMASK=0027
02-Feb-2026 14:01:07.281 INFO [main] org.apache.catalina.startup.VersionLoggerListener.log Command line argument: -Dignore.endorsed.dirs=
02-Feb-2026 14:01:07.281 INFO [main] org.apache.catalina.startup.VersionLoggerListener.log Command line argument: -Dcatalina.base=/opt/lms/tomcat
02-Feb-2026 14:01:07.281 INFO [main] org.apache.catalina.startup.VersionLoggerListener.log Command line argument: -Dcatalina.home=/opt/lms/tomcat
02-Feb-2026 14:01:07.281 INFO [main] org.apache.catalina.startup.VersionLoggerListener.log Command line argument: -Djava.io.tmpdir=/opt/lms/tomcat/temp
02-Feb-2026 14:01:07.297 INFO [main] org.apache.catalina.core.AprLifecycleListener.lifecycleEvent An older version [1.2.31] of the Apache Tomcat Native library is installed, while Tomcat recommends a minimum version of [1.3.0]
02-Feb-2026 14:01:07.298 INFO [main] org.apache.catalina.core.AprLifecycleListener.lifecycleEvent Loaded Apache Tomcat Native library [1.2.31] using APR version [1.7.0].
02-Feb-2026 14:01:07.298 INFO [main] org.apache.catalina.core.AprLifecycleListener.lifecycleEvent APR capabilities: IPv6 [true], sendfile [true], accept filters [false], random [true], UDS [true].
02-Feb-2026 14:01:07.298 INFO [main] org.apache.catalina.core.AprLifecycleListener.lifecycleEvent APR/OpenSSL configuration: useAprConnector [false], useOpenSSL [true]
02-Feb-2026 14:01:07.321 INFO [main] org.apache.catalina.core.AprLifecycleListener.initializeSSL OpenSSL successfully initialized [OpenSSL 3.0.2 15 Mar 2022]
02-Feb-2026 14:01:07.888 INFO [main] org.apache.coyote.AbstractProtocol.init Initializing ProtocolHandler ["http-nio-8001"]
02-Feb-2026 14:01:07.946 INFO [main] org.apache.catalina.startup.Catalina.load Server initialization in [1165] milliseconds
02-Feb-2026 14:01:08.131 INFO [main] org.apache.catalina.core.StandardService.startInternal Starting service [Catalina]
02-Feb-2026 14:01:08.135 INFO [main] org.apache.catalina.core.StandardEngine.startInternal Starting Servlet engine: [Apache Tomcat/9.0.96]
02-Feb-2026 14:01:08.170 INFO [main] org.apache.catalina.startup.HostConfig.deployDirectory Deploying web application directory [/opt/lms/tomcat/webapps/manager]
02-Feb-2026 14:01:13.064 INFO [main] org.apache.catalina.startup.HostConfig.deployDirectory Deployment of web application directory [/opt/lms/tomcat/webapps/manager] has finished in [4,893] ms
02-Feb-2026 14:01:13.065 INFO [main] org.apache.catalina.startup.HostConfig.deployDirectory Deploying web application directory [/opt/lms/tomcat/webapps/examples]
02-Feb-2026 14:01:18.822 INFO [main] org.apache.catalina.startup.HostConfig.deployDirectory Deployment of web application directory [/opt/lms/tomcat/webapps/examples] has finished in [5,757] ms
02-Feb-2026 14:01:18.822 INFO [main] org.apache.catalina.startup.HostConfig.deployDirectory Deploying web application directory [/opt/lms/tomcat/webapps/host-manager]
02-Feb-2026 14:01:19.389 INFO [main] org.apache.catalina.startup.HostConfig.deployDirectory Deployment of web application directory [/opt/lms/tomcat/webapps/host-manager] has finished in [567] ms
02-Feb-2026 14:01:19.390 INFO [main] org.apache.catalina.startup.HostConfig.deployDirectory Deploying web application directory [/opt/lms/tomcat/webapps/docs]
02-Feb-2026 14:01:19.785 INFO [main] org.apache.catalina.startup.HostConfig.deployDirectory Deployment of web application directory [/opt/lms/tomcat/webapps/docs] has finished in [394] ms
02-Feb-2026 14:01:19.942 INFO [main] org.apache.coyote.AbstractProtocol.start Starting ProtocolHandler ["http-nio-8001"]
02-Feb-2026 14:01:20.108 INFO [main] org.apache.catalina.startup.Catalina.start Server startup in [12161] milliseconds
02-Feb-2026 14:02:10.108 INFO [main] org.apache.catalina.core.StandardServer.await A valid shutdown command was received via the shutdown port. Stopping the Server instance.
02-Feb-2026 14:02:10.111 INFO [main] org.apache.coyote.AbstractProtocol.pause Pausing ProtocolHandler ["http-nio-8001"]
02-Feb-2026 14:02:10.433 INFO [main] org.apache.catalina.core.StandardService.stopInternal Stopping service [Catalina]
