02-Feb-2026 13:26:36.103 INFO [main] org.apache.catalina.core.ApplicationContext.log SessionListener: contextDestroyed()
02-Feb-2026 13:26:36.107 INFO [main] org.apache.catalina.core.ApplicationContext.log ContextListener: contextDestroyed()
02-Feb-2026 13:27:30.671 INFO [main] org.apache.catalina.core.ApplicationContext.log ContextListener: contextInitialized()
02-Feb-2026 13:27:30.671 INFO [main] org.apache.catalina.core.ApplicationContext.log SessionListener: contextInitialized()
02-Feb-2026 13:27:30.675 INFO [main] org.apache.catalina.core.ApplicationContext.log ContextListener: attributeAdded('StockTicker', 'async.Stockticker@3624da92')
02-Feb-2026 13:37:35.548 INFO [main] org.apache.catalina.core.ApplicationContext.log ContextListener: contextInitialized()
02-Feb-2026 13:37:35.548 INFO [main] org.apache.catalina.core.ApplicationContext.log SessionListener: contextInitialized()
02-Feb-2026 13:37:35.705 INFO [main] org.apache.catalina.core.ApplicationContext.log ContextListener: attributeAdded('StockTicker', 'async.Stockticker@72ccd81a')
02-Feb-2026 13:42:23.796 INFO [main] org.apache.catalina.core.ApplicationContext.log ContextListener: contextInitialized()
02-Feb-2026 13:42:23.796 INFO [main] org.apache.catalina.core.ApplicationContext.log SessionListener: contextInitialized()
02-Feb-2026 13:42:23.797 INFO [main] org.apache.catalina.core.ApplicationContext.log ContextListener: attributeAdded('StockTicker', 'async.Stockticker@7c22d4f')
02-Feb-2026 13:46:59.552 INFO [main] org.apache.catalina.core.ApplicationContext.log ContextListener: contextInitialized()
02-Feb-2026 13:46:59.553 INFO [main] org.apache.catalina.core.ApplicationContext.log SessionListener: contextInitialized()
02-Feb-2026 13:46:59.554 INFO [main] org.apache.catalina.core.ApplicationContext.log ContextListener: attributeAdded('StockTicker', 'async.Stockticker@35fe2125')
02-Feb-2026 13:49:33.235 INFO [main] org.apache.catalina.core.ApplicationContext.log ContextListener: contextInitialized()
02-Feb-2026 13:49:33.235 INFO [main] org.apache.catalina.core.ApplicationContext.log SessionListener: contextInitialized()
02-Feb-2026 13:49:33.237 INFO [main] org.apache.catalina.core.ApplicationContext.log ContextListener: attributeAdded('StockTicker', 'async.Stockticker@464649c')
02-Feb-2026 13:51:06.502 INFO [main] org.apache.catalina.core.ApplicationContext.log ContextListener: contextInitialized()
02-Feb-2026 13:51:06.505 INFO [main] org.apache.catalina.core.ApplicationContext.log SessionListener: contextInitialized()
02-Feb-2026 13:51:06.583 INFO [main] org.apache.catalina.core.ApplicationContext.log ContextListener: attributeAdded('StockTicker', 'async.Stockticker@3954d008')
02-Feb-2026 14:01:18.421 INFO [main] org.apache.catalina.core.ApplicationContext.log ContextListener: contextInitialized()
02-Feb-2026 14:01:18.421 INFO [main] org.apache.catalina.core.ApplicationContext.log SessionListener: contextInitialized()
02-Feb-2026 14:01:18.424 INFO [main] org.apache.catalina.core.ApplicationContext.log ContextListener: attributeAdded('StockTicker', 'async.Stockticker@60b71e8f')
02-Feb-2026 14:02:10.509 INFO [main] org.apache.catalina.core.ApplicationContext.log SessionListener: contextDestroyed()
02-Feb-2026 14:02:10.510 INFO [main] org.apache.catalina.core.ApplicationContext.log ContextListener: contextDestroyed()
