18-Dec-2025 07:04:13.030 INFO [main] org.apache.catalina.core.ApplicationContext.log ContextListener: contextInitialized()
18-Dec-2025 07:04:13.030 INFO [main] org.apache.catalina.core.ApplicationContext.log SessionListener: contextInitialized()
18-Dec-2025 07:04:13.031 INFO [main] org.apache.catalina.core.ApplicationContext.log ContextListener: attributeAdded('StockTicker', 'async.Stockticker@633cad4d')
18-Dec-2025 07:05:23.915 INFO [main] org.apache.catalina.core.ApplicationContext.log SessionListener: contextDestroyed()
18-Dec-2025 07:05:23.922 INFO [main] org.apache.catalina.core.ApplicationContext.log ContextListener: contextDestroyed()
18-Dec-2025 07:05:33.878 INFO [main] org.apache.catalina.core.ApplicationContext.log ContextListener: contextInitialized()
18-Dec-2025 07:05:33.879 INFO [main] org.apache.catalina.core.ApplicationContext.log SessionListener: contextInitialized()
18-Dec-2025 07:05:33.885 INFO [main] org.apache.catalina.core.ApplicationContext.log ContextListener: attributeAdded('StockTicker', 'async.Stockticker@7d7c05fa')
18-Dec-2025 07:07:20.891 INFO [main] org.apache.catalina.core.ApplicationContext.log SessionListener: contextDestroyed()
18-Dec-2025 07:07:20.891 INFO [main] org.apache.catalina.core.ApplicationContext.log ContextListener: contextDestroyed()
18-Dec-2025 07:07:26.130 INFO [main] org.apache.catalina.core.ApplicationContext.log ContextListener: contextInitialized()
18-Dec-2025 07:07:26.131 INFO [main] org.apache.catalina.core.ApplicationContext.log SessionListener: contextInitialized()
18-Dec-2025 07:07:26.135 INFO [main] org.apache.catalina.core.ApplicationContext.log ContextListener: attributeAdded('StockTicker', 'async.Stockticker@322eb1a')
18-Dec-2025 07:11:03.401 INFO [main] org.apache.catalina.core.ApplicationContext.log SessionListener: contextDestroyed()
18-Dec-2025 07:11:03.401 INFO [main] org.apache.catalina.core.ApplicationContext.log ContextListener: contextDestroyed()
18-Dec-2025 07:11:11.987 INFO [main] org.apache.catalina.core.ApplicationContext.log ContextListener: contextInitialized()
18-Dec-2025 07:11:11.989 INFO [main] org.apache.catalina.core.ApplicationContext.log SessionListener: contextInitialized()
18-Dec-2025 07:11:11.993 INFO [main] org.apache.catalina.core.ApplicationContext.log ContextListener: attributeAdded('StockTicker', 'async.Stockticker@fdf029a')
18-Dec-2025 07:15:22.800 INFO [main] org.apache.catalina.core.ApplicationContext.log SessionListener: contextDestroyed()
18-Dec-2025 07:15:22.801 INFO [main] org.apache.catalina.core.ApplicationContext.log ContextListener: contextDestroyed()
